
> backend@1.0.0 test
> vitest run


[1m[46m RUN [49m[22m [36mv4.0.18 [39m[90mC:/Users/gabri/Anti/backend[39m

 [31mÔØ»[39m dist/services/__tests__/AuthService.test.js [2m([22m[2m0 test[22m[2m)[22m
 [31mÔØ»[39m dist/services/__tests__/SaleService.test.js [2m([22m[2m0 test[22m[2m)[22m
 [32mÔ£ô[39m src/services/__tests__/PurchaseOrderService.test.ts [2m([22m[2m4 tests[22m[2m)[22m[32m 10[2mms[22m[39m
 [32mÔ£ô[39m src/services/__tests__/SaleService.test.ts [2m([22m[2m3 tests[22m[2m)[22m[32m 10[2mms[22m[39m
 [32mÔ£ô[39m src/services/__tests__/AuthService.test.ts [2m([22m[2m4 tests[22m[2m)[22m[32m 9[2mms[22m[39m
 [32mÔ£ô[39m src/services/__tests__/SupplierService.test.ts [2m([22m[2m7 tests[22m[2m)[22m[32m 14[2mms[22m[39m
node.exe : 
En C:\Program Files\nodejs\npm.ps1: 29 
Carácter: 3
+   & $NODE_EXE $NPM_CLI_JS $args
+   ~~~~~~~~~~~~~~~~~~~~~~~~~~~~~
    + CategoryInfo          : NotSpecified: 
    (:String) [], RemoteException
    + FullyQualifiedErrorId : NativeCommand 
   Error
 
[31mÔÄ»ÔÄ»ÔÄ»ÔÄ»ÔÄ»ÔÄ»[39m[1m[41m 
Failed Suites 2 
[49m[22m[31mÔÄ»ÔÄ»ÔÄ»ÔÄ»ÔÄ»ÔÄ»ÔÄ»[39m

[41m[1m FAIL [22m[49m dist/services/__te
sts__/AuthService.test.js[2m [ 
dist/services/__tests__/AuthService.test.js 
][22m
[31m[1mError[22m: Vitest cannot be 
imported in a CommonJS module using 
require(). Please use "import" instead.

If you are using "import" in your source 
code, then it's possible it was bundled 
into require() automatically by your 
bundler. In that case, do not bundle 
CommonJS output since it will never work 
with Vitest, or use dynamic import() which 
is available in all CommonJS modules.[39m
[90m [2mÔØ»[22m Object.<anonymous> node_m
odules/vitest/index.cjs:[2m1:7[22m[39m
[36m [2mÔØ»[22m src/services/__tests__/Au
thService.test.ts:[2m5:1[22m[39m
    [90m  3| [39m * Valida la 
autenticaci├│n, bloqueo de usuarios 
inactivos y la firma dÔÇª
    [90m  4| [39m */[39m
    [90m  5| [39m[35mimport[39m { 
describe[33m,[39m it[33m,[39m 
expect[33m,[39m vi[33m,[39m beforeEach 
} [35mfrom[39m 
[32m'vitest'[39m[33m;[39m
    [90m   | [39m[31m^[39m
    [90m  6| [39m[35mimport[39m 
[33mAuthService[39m [35mfrom[39m 
[32m'../AuthService'[39m[33m;[39m
    [90m  7| [39m[35mimport[39m prisma 
[35mfrom[39m 
[32m'../../config/prisma'[39m[33m;[39m

[31m[2mÔÄ»ÔÄ»ÔÄ»ÔÄ»ÔÄ»ÔÄ»ÔÄ»ÔÄ»ÔÄ»ÔÄ»ÔÄ»ÔÄ
»ÔÄ»ÔÄ»ÔÄ»ÔÄ»ÔÄ»ÔÄ»ÔÄ»ÔÄ»ÔÄ»ÔÄ»ÔÄ»ÔÄ»[1/2]ÔÄ
»[22m[39m

[41m[1m FAIL [22m[49m dist/services/__te
sts__/SaleService.test.js[2m [ 
dist/services/__tests__/SaleService.test.js 
][22m
[31m[1mError[22m: Vitest cannot be 
imported in a CommonJS module using 
require(). Please use "import" instead.

If you are using "import" in your source 
code, then it's possible it was bundled 
into require() automatically by your 
bundler. In that case, do not bundle 
CommonJS output since it will never work 
with Vitest, or use dynamic import() which 
is available in all CommonJS modules.[39m
[90m [2mÔØ»[22m Object.<anonymous> node_m
odules/vitest/index.cjs:[2m1:7[22m[39m
[36m [2mÔØ»[22m src/services/__tests__/Sa
leService.test.ts:[2m5:1[22m[39m
    [90m  3| [39m * Comprueba que el 
inventario se descuente bajo la regla FEFO 
y verifÔÇª
    [90m  4| [39m */[39m
    [90m  5| [39m[35mimport[39m { 
describe[33m,[39m it[33m,[39m 
expect[33m,[39m vi[33m,[39m beforeEach 
} [35mfrom[39m 
[32m'vitest'[39m[33m;[39m
    [90m   | [39m[31m^[39m
    [90m  6| [39m[35mimport[39m 
[33mSaleService[39m [35mfrom[39m 
[32m'../SaleService'[39m[33m;[39m
    [90m  7| [39m[35mimport[39m prisma 
[35mfrom[39m 
[32m'../../config/prisma'[39m[33m;[39m

[31m[2mÔÄ»ÔÄ»ÔÄ»ÔÄ»ÔÄ»ÔÄ»ÔÄ»ÔÄ»ÔÄ»ÔÄ»ÔÄ»ÔÄ
»ÔÄ»ÔÄ»ÔÄ»ÔÄ»ÔÄ»ÔÄ»ÔÄ»ÔÄ»ÔÄ»ÔÄ»ÔÄ»ÔÄ»[2/2]ÔÄ
»[22m[39m


[2m Test Files [22m [1m[31m2 failed[39m[22m[2m | [22m[1m[32m4 passed[39m[22m[90m (6)[39m
[2m      Tests [22m [1m[32m18 passed[39m[22m[90m (18)[39m
[2m   Start at [22m 17:48:24
[2m   Duration [22m 403ms[2m (transform 631ms, setup 0ms, import 643ms, tests 42ms, environment 1ms)[22m

