
Testing login for: admin@example.com
Status: 200
Response: {
  message: 'Login exitoso',
  token: 'eyJhbGciOiJIUzI1NiIsInR5cCI6IkpXVCJ9.eyJpZCI6MSwibmFtZSI6IkFkbWluaXN0cmFkb3IgUHJpbmNpcGFsIiwicm9sZSI6ImFkbWluIiwiaWF0IjoxNzcyNTc3NzMzLCJleHAiOjE3NzMxODI1MzN9.3Vb8JC8Ji0LeVQcoE6bd8oj7DI13_78a-eqq6LK9z1Y',
  user: {
    id: 1,
    name: 'Administrador Principal',
    email: 'admin@example.com',
    role: 'admin'
  }
}

Testing login for: admin@example.com
Status: 401
Response: {
  message: 'Credenciales inv├ílidas',
  stack: 'Error: Credenciales inv├ílidas\n' +
    '    at AuthService.login (C:\\Users\\gabri\\Anti\\backend\\src\\services\\AuthService.ts:27:19)\n' +
    '    at login (C:\\Users\\gabri\\Anti\\backend\\src\\controllers\\authController.ts:15:28)'
}

Testing login for: notanemail
Status: 500
Response: {
  message: '[\n' +
    '  {\n' +
    '    "origin": "string",\n' +
    '    "code": "invalid_format",\n' +
    '    "format": "email",\n' +
    `    "pattern": "/^(?!\\\\.)(?!.*\\\\.\\\\.)([A-Za-z0-9_'+\\\\-\\\\.]*)[A-Za-z0-9_+-]@([A-Za-z0-9][A-Za-z0-9\\\\-]*\\\\.)+[A-Za-z]{2,}$/",\n` +
    '    "path": [\n' +
    '      "email"\n' +
    '    ],\n' +
    '    "message": "Debe ser un correo electr├│nico v├ílido"\n' +
    '  }\n' +
    ']',
  stack: 'ZodError: [\n' +
    '  {\n' +
    '    "origin": "string",\n' +
    '    "code": "invalid_format",\n' +
    '    "format": "email",\n' +
    `    "pattern": "/^(?!\\\\.)(?!.*\\\\.\\\\.)([A-Za-z0-9_'+\\\\-\\\\.]*)[A-Za-z0-9_+-]@([A-Za-z0-9][A-Za-z0-9\\\\-]*\\\\.)+[A-Za-z]{2,}$/",\n` +
    '    "path": [\n' +
    '      "email"\n' +
    '    ],\n' +
    '    "message": "Debe ser un correo electr├│nico v├ílido"\n' +
    '  }\n' +
    ']\n' +
    '    at login (C:\\Users\\gabri\\Anti\\backend\\src\\controllers\\authController.ts:12:47)\n' +
    '    at Layer.handleRequest (C:\\Users\\gabri\\Anti\\backend\\node_modules\\router\\lib\\layer.js:152:17)\n' +
    '    at next (C:\\Users\\gabri\\Anti\\backend\\node_modules\\router\\lib\\route.js:157:13)\n' +
    '    at Route.dispatch (C:\\Users\\gabri\\Anti\\backend\\node_modules\\router\\lib\\route.js:117:3)\n' +
    '    at handle (C:\\Users\\gabri\\Anti\\backend\\node_modules\\router\\index.js:435:11)\n' +
    '    at Layer.handleRequest (C:\\Users\\gabri\\Anti\\backend\\node_modules\\router\\lib\\layer.js:152:17)\n' +
    '    at C:\\Users\\gabri\\Anti\\backend\\node_modules\\router\\index.js:295:15\n' +
    '    at processParams (C:\\Users\\gabri\\Anti\\backend\\node_modules\\router\\index.js:582:12)\n' +
    '    at next (C:\\Users\\gabri\\Anti\\backend\\node_modules\\router\\index.js:291:5)\n' +
    '    at Function.handle (C:\\Users\\gabri\\Anti\\backend\\node_modules\\router\\index.js:186:3)'
}
